Archive member included to satisfy reference by file (symbol)

e:/atmelstudio7/7.0/toolchain/avr8/avr8-gnu-toolchain/bin/../lib/gcc/avr/5.4.0/avr51\libgcc.a(_divmodsi4.o)
                              Breath.o (__divmodsi4)
e:/atmelstudio7/7.0/toolchain/avr8/avr8-gnu-toolchain/bin/../lib/gcc/avr/5.4.0/avr51\libgcc.a(_negsi2.o)
                              e:/atmelstudio7/7.0/toolchain/avr8/avr8-gnu-toolchain/bin/../lib/gcc/avr/5.4.0/avr51\libgcc.a(_divmodsi4.o) (__negsi2)
e:/atmelstudio7/7.0/toolchain/avr8/avr8-gnu-toolchain/bin/../lib/gcc/avr/5.4.0/avr51\libgcc.a(_exit.o)
                              E:/AtmelStudio7/7.0/Packs/atmel/ATmega_DFP/1.2.209/gcc/dev/atmega1284p/avr51/crtatmega1284p.o (exit)
e:/atmelstudio7/7.0/toolchain/avr8/avr8-gnu-toolchain/bin/../lib/gcc/avr/5.4.0/avr51\libgcc.a(_tablejump2.o)
                              Touch.o (__tablejump2__)
e:/atmelstudio7/7.0/toolchain/avr8/avr8-gnu-toolchain/bin/../lib/gcc/avr/5.4.0/avr51\libgcc.a(_copy_data.o)
                              Button.o (__do_copy_data)
e:/atmelstudio7/7.0/toolchain/avr8/avr8-gnu-toolchain/bin/../lib/gcc/avr/5.4.0/avr51\libgcc.a(_clear_bss.o)
                              Breath.o (__do_clear_bss)
e:/atmelstudio7/7.0/toolchain/avr8/avr8-gnu-toolchain/bin/../lib/gcc/avr/5.4.0/avr51\libgcc.a(_umulhisi3.o)
                              YMF825.o (__umulhisi3)
e:/atmelstudio7/7.0/toolchain/avr8/avr8-gnu-toolchain/bin/../lib/gcc/avr/5.4.0/avr51\libgcc.a(_udivmodsi4.o)
                              e:/atmelstudio7/7.0/toolchain/avr8/avr8-gnu-toolchain/bin/../lib/gcc/avr/5.4.0/avr51\libgcc.a(_divmodsi4.o) (__udivmodsi4)
e:/atmelstudio7/7.0/toolchain/avr8/avr8-gnu-toolchain/bin/../lib/gcc/avr/5.4.0/../../../../avr/lib/avr51\libc.a(strcpy_P.o)
                              Menu.o (strcpy_P)
e:/atmelstudio7/7.0/toolchain/avr8/avr8-gnu-toolchain/bin/../lib/gcc/avr/5.4.0/../../../../avr/lib/avr51\libc.a(strcpy.o)
                              Menu.o (strcpy)
e:/atmelstudio7/7.0/toolchain/avr8/avr8-gnu-toolchain/bin/../lib/gcc/avr/5.4.0/../../../../avr/lib/avr51\libc.a(sprintf.o)
                              main.o (sprintf)
e:/atmelstudio7/7.0/toolchain/avr8/avr8-gnu-toolchain/bin/../lib/gcc/avr/5.4.0/../../../../avr/lib/avr51\libc.a(vfprintf_std.o)
                              e:/atmelstudio7/7.0/toolchain/avr8/avr8-gnu-toolchain/bin/../lib/gcc/avr/5.4.0/../../../../avr/lib/avr51\libc.a(sprintf.o) (vfprintf)
e:/atmelstudio7/7.0/toolchain/avr8/avr8-gnu-toolchain/bin/../lib/gcc/avr/5.4.0/../../../../avr/lib/avr51\libc.a(strnlen_P.o)
                              e:/atmelstudio7/7.0/toolchain/avr8/avr8-gnu-toolchain/bin/../lib/gcc/avr/5.4.0/../../../../avr/lib/avr51\libc.a(vfprintf_std.o) (strnlen_P)
e:/atmelstudio7/7.0/toolchain/avr8/avr8-gnu-toolchain/bin/../lib/gcc/avr/5.4.0/../../../../avr/lib/avr51\libc.a(strnlen.o)
                              e:/atmelstudio7/7.0/toolchain/avr8/avr8-gnu-toolchain/bin/../lib/gcc/avr/5.4.0/../../../../avr/lib/avr51\libc.a(vfprintf_std.o) (strnlen)
e:/atmelstudio7/7.0/toolchain/avr8/avr8-gnu-toolchain/bin/../lib/gcc/avr/5.4.0/../../../../avr/lib/avr51\libc.a(fputc.o)
                              e:/atmelstudio7/7.0/toolchain/avr8/avr8-gnu-toolchain/bin/../lib/gcc/avr/5.4.0/../../../../avr/lib/avr51\libc.a(vfprintf_std.o) (fputc)
e:/atmelstudio7/7.0/toolchain/avr8/avr8-gnu-toolchain/bin/../lib/gcc/avr/5.4.0/../../../../avr/lib/avr51\libc.a(ultoa_invert.o)
                              e:/atmelstudio7/7.0/toolchain/avr8/avr8-gnu-toolchain/bin/../lib/gcc/avr/5.4.0/../../../../avr/lib/avr51\libc.a(vfprintf_std.o) (__ultoa_invert)

Discarded input sections

 .data          0x00000000        0x0 E:/AtmelStudio7/7.0/Packs/atmel/ATmega_DFP/1.2.209/gcc/dev/atmega1284p/avr51/crtatmega1284p.o
 .bss           0x00000000        0x0 E:/AtmelStudio7/7.0/Packs/atmel/ATmega_DFP/1.2.209/gcc/dev/atmega1284p/avr51/crtatmega1284p.o
 .text          0x00000000        0x0 Breath.o
 .data          0x00000000        0x0 Breath.o
 .bss           0x00000000        0x0 Breath.o
 .text._Z7i2cStopv
                0x00000000        0x8 Breath.o
 .text          0x00000000        0x0 Button.o
 .data          0x00000000        0x0 Button.o
 .bss           0x00000000        0x0 Button.o
 .text          0x00000000        0x0 Finger.o
 .data          0x00000000        0x0 Finger.o
 .bss           0x00000000        0x0 Finger.o
 .text          0x00000000        0x0 LCD.o
 .data          0x00000000        0x0 LCD.o
 .bss           0x00000000        0x0 LCD.o
 .text._Z7lcdPutcchh
                0x00000000        0x2 LCD.o
 .text          0x00000000        0x0 main.o
 .data          0x00000000        0x0 main.o
 .bss           0x00000000        0x0 main.o
 .text._Z7ctrlLedh
                0x00000000       0x12 main.o
 .bss.ledstate  0x00000000        0x1 main.o
 .text          0x00000000        0x0 Menu.o
 .data          0x00000000        0x0 Menu.o
 .bss           0x00000000        0x0 Menu.o
 .text          0x00000000        0x0 Midi.o
 .data          0x00000000        0x0 Midi.o
 .bss           0x00000000        0x0 Midi.o
 .text._Z8midiInitv
                0x00000000        0x2 Midi.o
 .text._Z10midiNoteOnhhh
                0x00000000        0x2 Midi.o
 .text._Z11midiNoteOffh
                0x00000000        0x2 Midi.o
 .text._Z14midiAfterTouchhh
                0x00000000        0x2 Midi.o
 .text._Z17midiControlChangev
                0x00000000        0x2 Midi.o
 .text._Z17midiProgramChangev
                0x00000000        0x2 Midi.o
 .debug_info    0x00000000      0x682 Midi.o
 .debug_abbrev  0x00000000       0xf3 Midi.o
 .debug_aranges
                0x00000000       0x48 Midi.o
 .debug_ranges  0x00000000       0x38 Midi.o
 .debug_line    0x00000000      0x12f Midi.o
 .debug_str     0x00000000      0x379 Midi.o
 .comment       0x00000000       0x31 Midi.o
 .debug_frame   0x00000000       0x74 Midi.o
 .text          0x00000000        0x0 SPI.o
 .data          0x00000000        0x0 SPI.o
 .bss           0x00000000        0x0 SPI.o
 .text._Z7spiReadv
                0x00000000        0x2 SPI.o
 .text._Z10spiRegReadh
                0x00000000       0x1c SPI.o
 .text          0x00000000        0x0 Touch.o
 .data          0x00000000        0x0 Touch.o
 .bss           0x00000000        0x0 Touch.o
 .text._Z9decodeKeyv
                0x00000000       0xa8 Touch.o
 .progmem.gcc_sw_table._Z9decodeKeyv
                0x00000000       0x10 Touch.o
 .text          0x00000000        0x0 YMF825.o
 .data          0x00000000        0x0 YMF825.o
 .bss           0x00000000        0x0 YMF825.o
 .text._Z6keyOffv
                0x00000000        0xa YMF825.o
 .text._Z13noteNoToScalej
                0x00000000       0x30 YMF825.o
 .text._Z13noteNoToBlockj
                0x00000000       0x1a YMF825.o
 .text._Z11keyOnNoteNoj
                0x00000000       0x48 YMF825.o
 .text          0x00000000        0x0 e:/atmelstudio7/7.0/toolchain/avr8/avr8-gnu-toolchain/bin/../lib/gcc/avr/5.4.0/avr51\libgcc.a(_divmodsi4.o)
 .data          0x00000000        0x0 e:/atmelstudio7/7.0/toolchain/avr8/avr8-gnu-toolchain/bin/../lib/gcc/avr/5.4.0/avr51\libgcc.a(_divmodsi4.o)
 .bss           0x00000000        0x0 e:/atmelstudio7/7.0/toolchain/avr8/avr8-gnu-toolchain/bin/../lib/gcc/avr/5.4.0/avr51\libgcc.a(_divmodsi4.o)
 .text.libgcc.mul
                0x00000000        0x0 e:/atmelstudio7/7.0/toolchain/avr8/avr8-gnu-toolchain/bin/../lib/gcc/avr/5.4.0/avr51\libgcc.a(_divmodsi4.o)
 .text.libgcc   0x00000000        0x0 e:/atmelstudio7/7.0/toolchain/avr8/avr8-gnu-toolchain/bin/../lib/gcc/avr/5.4.0/avr51\libgcc.a(_divmodsi4.o)
 .text.libgcc.prologue
                0x00000000        0x0 e:/atmelstudio7/7.0/toolchain/avr8/avr8-gnu-toolchain/bin/../lib/gcc/avr/5.4.0/avr51\libgcc.a(_divmodsi4.o)
 .text.libgcc.builtins
                0x00000000        0x0 e:/atmelstudio7/7.0/toolchain/avr8/avr8-gnu-toolchain/bin/../lib/gcc/avr/5.4.0/avr51\libgcc.a(_divmodsi4.o)
 .text.libgcc.fmul
                0x00000000        0x0 e:/atmelstudio7/7.0/toolchain/avr8/avr8-gnu-toolchain/bin/../lib/gcc/avr/5.4.0/avr51\libgcc.a(_divmodsi4.o)
 .text.libgcc.fixed
                0x00000000        0x0 e:/atmelstudio7/7.0/toolchain/avr8/avr8-gnu-toolchain/bin/../lib/gcc/avr/5.4.0/avr51\libgcc.a(_divmodsi4.o)
 .text          0x00000000        0x0 e:/atmelstudio7/7.0/toolchain/avr8/avr8-gnu-toolchain/bin/../lib/gcc/avr/5.4.0/avr51\libgcc.a(_negsi2.o)
 .data          0x00000000        0x0 e:/atmelstudio7/7.0/toolchain/avr8/avr8-gnu-toolchain/bin/../lib/gcc/avr/5.4.0/avr51\libgcc.a(_negsi2.o)
 .bss           0x00000000        0x0 e:/atmelstudio7/7.0/toolchain/avr8/avr8-gnu-toolchain/bin/../lib/gcc/avr/5.4.0/avr51\libgcc.a(_negsi2.o)
 .text.libgcc.mul
                0x00000000        0x0 e:/atmelstudio7/7.0/toolchain/avr8/avr8-gnu-toolchain/bin/../lib/gcc/avr/5.4.0/avr51\libgcc.a(_negsi2.o)
 .text.libgcc   0x00000000        0x0 e:/atmelstudio7/7.0/toolchain/avr8/avr8-gnu-toolchain/bin/../lib/gcc/avr/5.4.0/avr51\libgcc.a(_negsi2.o)
 .text.libgcc.prologue
                0x00000000        0x0 e:/atmelstudio7/7.0/toolchain/avr8/avr8-gnu-toolchain/bin/../lib/gcc/avr/5.4.0/avr51\libgcc.a(_negsi2.o)
 .text.libgcc.builtins
                0x00000000        0x0 e:/atmelstudio7/7.0/toolchain/avr8/avr8-gnu-toolchain/bin/../lib/gcc/avr/5.4.0/avr51\libgcc.a(_negsi2.o)
 .text.libgcc.fmul
                0x00000000        0x0 e:/atmelstudio7/7.0/toolchain/avr8/avr8-gnu-toolchain/bin/../lib/gcc/avr/5.4.0/avr51\libgcc.a(_negsi2.o)
 .text.libgcc.fixed
                0x00000000        0x0 e:/atmelstudio7/7.0/toolchain/avr8/avr8-gnu-toolchain/bin/../lib/gcc/avr/5.4.0/avr51\libgcc.a(_negsi2.o)
 .text          0x00000000        0x0 e:/atmelstudio7/7.0/toolchain/avr8/avr8-gnu-toolchain/bin/../lib/gcc/avr/5.4.0/avr51\libgcc.a(_exit.o)
 .data          0x00000000        0x0 e:/atmelstudio7/7.0/toolchain/avr8/avr8-gnu-toolchain/bin/../lib/gcc/avr/5.4.0/avr51\libgcc.a(_exit.o)
 .bss           0x00000000        0x0 e:/atmelstudio7/7.0/toolchain/avr8/avr8-gnu-toolchain/bin/../lib/gcc/avr/5.4.0/avr51\libgcc.a(_exit.o)
 .text.libgcc.mul
                0x00000000        0x0 e:/atmelstudio7/7.0/toolchain/avr8/avr8-gnu-toolchain/bin/../lib/gcc/avr/5.4.0/avr51\libgcc.a(_exit.o)
 .text.libgcc.div
                0x00000000        0x0 e:/atmelstudio7/7.0/toolchain/avr8/avr8-gnu-toolchain/bin/../lib/gcc/avr/5.4.0/avr51\libgcc.a(_exit.o)
 .text.libgcc   0x00000000        0x0 e:/atmelstudio7/7.0/toolchain/avr8/avr8-gnu-toolchain/bin/../lib/gcc/avr/5.4.0/avr51\libgcc.a(_exit.o)
 .text.libgcc.prologue
                0x00000000        0x0 e:/atmelstudio7/7.0/toolchain/avr8/avr8-gnu-toolchain/bin/../lib/gcc/avr/5.4.0/avr51\libgcc.a(_exit.o)
 .text.libgcc.builtins
                0x00000000        0x0 e:/atmelstudio7/7.0/toolchain/avr8/avr8-gnu-toolchain/bin/../lib/gcc/avr/5.4.0/avr51\libgcc.a(_exit.o)
 .text.libgcc.fmul
                0x00000000        0x0 e:/atmelstudio7/7.0/toolchain/avr8/avr8-gnu-toolchain/bin/../lib/gcc/avr/5.4.0/avr51\libgcc.a(_exit.o)
 .text.libgcc.fixed
                0x00000000        0x0 e:/atmelstudio7/7.0/toolchain/avr8/avr8-gnu-toolchain/bin/../lib/gcc/avr/5.4.0/avr51\libgcc.a(_exit.o)
 .text          0x00000000        0x0 e:/atmelstudio7/7.0/toolchain/avr8/avr8-gnu-toolchain/bin/../lib/gcc/avr/5.4.0/avr51\libgcc.a(_tablejump2.o)
 .data          0x00000000        0x0 e:/atmelstudio7/7.0/toolchain/avr8/avr8-gnu-toolchain/bin/../lib/gcc/avr/5.4.0/avr51\libgcc.a(_tablejump2.o)
 .bss           0x00000000        0x0 e:/atmelstudio7/7.0/toolchain/avr8/avr8-gnu-toolchain/bin/../lib/gcc/avr/5.4.0/avr51\libgcc.a(_tablejump2.o)
 .text.libgcc.mul
                0x00000000        0x0 e:/atmelstudio7/7.0/toolchain/avr8/avr8-gnu-toolchain/bin/../lib/gcc/avr/5.4.0/avr51\libgcc.a(_tablejump2.o)
 .text.libgcc.div
                0x00000000        0x0 e:/atmelstudio7/7.0/toolchain/avr8/avr8-gnu-toolchain/bin/../lib/gcc/avr/5.4.0/avr51\libgcc.a(_tablejump2.o)
 .text.libgcc   0x00000000       0x12 e:/atmelstudio7/7.0/toolchain/avr8/avr8-gnu-toolchain/bin/../lib/gcc/avr/5.4.0/avr51\libgcc.a(_tablejump2.o)
 .text.libgcc.prologue
                0x00000000        0x0 e:/atmelstudio7/7.0/toolchain/avr8/avr8-gnu-toolchain/bin/../lib/gcc/avr/5.4.0/avr51\libgcc.a(_tablejump2.o)
 .text.libgcc.builtins
                0x00000000        0x0 e:/atmelstudio7/7.0/toolchain/avr8/avr8-gnu-toolchain/bin/../lib/gcc/avr/5.4.0/avr51\libgcc.a(_tablejump2.o)
 .text.libgcc.fmul
                0x00000000        0x0 e:/atmelstudio7/7.0/toolchain/avr8/avr8-gnu-toolchain/bin/../lib/gcc/avr/5.4.0/avr51\libgcc.a(_tablejump2.o)
 .text.libgcc.fixed
                0x00000000        0x0 e:/atmelstudio7/7.0/toolchain/avr8/avr8-gnu-toolchain/bin/../lib/gcc/avr/5.4.0/avr51\libgcc.a(_tablejump2.o)
 .text          0x00000000        0x0 e:/atmelstudio7/7.0/toolchain/avr8/avr8-gnu-toolchain/bin/../lib/gcc/avr/5.4.0/avr51\libgcc.a(_copy_data.o)
 .data          0x00000000        0x0 e:/atmelstudio7/7.0/toolchain/avr8/avr8-gnu-toolchain/bin/../lib/gcc/avr/5.4.0/avr51\libgcc.a(_copy_data.o)
 .bss           0x00000000        0x0 e:/atmelstudio7/7.0/toolchain/avr8/avr8-gnu-toolchain/bin/../lib/gcc/avr/5.4.0/avr51\libgcc.a(_copy_data.o)
 .text.libgcc.mul
                0x00000000        0x0 e:/atmelstudio7/7.0/toolchain/avr8/avr8-gnu-toolchain/bin/../lib/gcc/avr/5.4.0/avr51\libgcc.a(_copy_data.o)
 .text.libgcc.div
                0x00000000        0x0 e:/atmelstudio7/7.0/toolchain/avr8/avr8-gnu-toolchain/bin/../lib/gcc/avr/5.4.0/avr51\libgcc.a(_copy_data.o)
 .text.libgcc   0x00000000        0x0 e:/atmelstudio7/7.0/toolchain/avr8/avr8-gnu-toolchain/bin/../lib/gcc/avr/5.4.0/avr51\libgcc.a(_copy_data.o)
 .text.libgcc.prologue
                0x00000000        0x0 e:/atmelstudio7/7.0/toolchain/avr8/avr8-gnu-toolchain/bin/../lib/gcc/avr/5.4.0/avr51\libgcc.a(_copy_data.o)
 .text.libgcc.builtins
                0x00000000        0x0 e:/atmelstudio7/7.0/toolchain/avr8/avr8-gnu-toolchain/bin/../lib/gcc/avr/5.4.0/avr51\libgcc.a(_copy_data.o)
 .text.libgcc.fmul
                0x00000000        0x0 e:/atmelstudio7/7.0/toolchain/avr8/avr8-gnu-toolchain/bin/../lib/gcc/avr/5.4.0/avr51\libgcc.a(_copy_data.o)
 .text.libgcc.fixed
                0x00000000        0x0 e:/atmelstudio7/7.0/toolchain/avr8/avr8-gnu-toolchain/bin/../lib/gcc/avr/5.4.0/avr51\libgcc.a(_copy_data.o)
 .text          0x00000000        0x0 e:/atmelstudio7/7.0/toolchain/avr8/avr8-gnu-toolchain/bin/../lib/gcc/avr/5.4.0/avr51\libgcc.a(_clear_bss.o)
 .data          0x00000000        0x0 e:/atmelstudio7/7.0/toolchain/avr8/avr8-gnu-toolchain/bin/../lib/gcc/avr/5.4.0/avr51\libgcc.a(_clear_bss.o)
 .bss           0x00000000        0x0 e:/atmelstudio7/7.0/toolchain/avr8/avr8-gnu-toolchain/bin/../lib/gcc/avr/5.4.0/avr51\libgcc.a(_clear_bss.o)
 .text.libgcc.mul
                0x00000000        0x0 e:/atmelstudio7/7.0/toolchain/avr8/avr8-gnu-toolchain/bin/../lib/gcc/avr/5.4.0/avr51\libgcc.a(_clear_bss.o)
 .text.libgcc.div
                0x00000000        0x0 e:/atmelstudio7/7.0/toolchain/avr8/avr8-gnu-toolchain/bin/../lib/gcc/avr/5.4.0/avr51\libgcc.a(_clear_bss.o)
 .text.libgcc   0x00000000        0x0 e:/atmelstudio7/7.0/toolchain/avr8/avr8-gnu-toolchain/bin/../lib/gcc/avr/5.4.0/avr51\libgcc.a(_clear_bss.o)
 .text.libgcc.prologue
                0x00000000        0x0 e:/atmelstudio7/7.0/toolchain/avr8/avr8-gnu-toolchain/bin/../lib/gcc/avr/5.4.0/avr51\libgcc.a(_clear_bss.o)
 .text.libgcc.builtins
                0x00000000        0x0 e:/atmelstudio7/7.0/toolchain/avr8/avr8-gnu-toolchain/bin/../lib/gcc/avr/5.4.0/avr51\libgcc.a(_clear_bss.o)
 .text.libgcc.fmul
                0x00000000        0x0 e:/atmelstudio7/7.0/toolchain/avr8/avr8-gnu-toolchain/bin/../lib/gcc/avr/5.4.0/avr51\libgcc.a(_clear_bss.o)
 .text.libgcc.fixed
                0x00000000        0x0 e:/atmelstudio7/7.0/toolchain/avr8/avr8-gnu-toolchain/bin/../lib/gcc/avr/5.4.0/avr51\libgcc.a(_clear_bss.o)
 .text          0x00000000        0x0 e:/atmelstudio7/7.0/toolchain/avr8/avr8-gnu-toolchain/bin/../lib/gcc/avr/5.4.0/avr51\libgcc.a(_umulhisi3.o)
 .data          0x00000000        0x0 e:/atmelstudio7/7.0/toolchain/avr8/avr8-gnu-toolchain/bin/../lib/gcc/avr/5.4.0/avr51\libgcc.a(_umulhisi3.o)
 .bss           0x00000000        0x0 e:/atmelstudio7/7.0/toolchain/avr8/avr8-gnu-toolchain/bin/../lib/gcc/avr/5.4.0/avr51\libgcc.a(_umulhisi3.o)
 .text.libgcc.div
                0x00000000        0x0 e:/atmelstudio7/7.0/toolchain/avr8/avr8-gnu-toolchain/bin/../lib/gcc/avr/5.4.0/avr51\libgcc.a(_umulhisi3.o)
 .text.libgcc   0x00000000        0x0 e:/atmelstudio7/7.0/toolchain/avr8/avr8-gnu-toolchain/bin/../lib/gcc/avr/5.4.0/avr51\libgcc.a(_umulhisi3.o)
 .text.libgcc.prologue
                0x00000000        0x0 e:/atmelstudio7/7.0/toolchain/avr8/avr8-gnu-toolchain/bin/../lib/gcc/avr/5.4.0/avr51\libgcc.a(_umulhisi3.o)
 .text.libgcc.builtins
                0x00000000        0x0 e:/atmelstudio7/7.0/toolchain/avr8/avr8-gnu-toolchain/bin/../lib/gcc/avr/5.4.0/avr51\libgcc.a(_umulhisi3.o)
 .text.libgcc.fmul
                0x00000000        0x0 e:/atmelstudio7/7.0/toolchain/avr8/avr8-gnu-toolchain/bin/../lib/gcc/avr/5.4.0/avr51\libgcc.a(_umulhisi3.o)
 .text.libgcc.fixed
                0x00000000        0x0 e:/atmelstudio7/7.0/toolchain/avr8/avr8-gnu-toolchain/bin/../lib/gcc/avr/5.4.0/avr51\libgcc.a(_umulhisi3.o)
 .text          0x00000000        0x0 e:/atmelstudio7/7.0/toolchain/avr8/avr8-gnu-toolchain/bin/../lib/gcc/avr/5.4.0/avr51\libgcc.a(_udivmodsi4.o)
 .data          0x00000000        0x0 e:/atmelstudio7/7.0/toolchain/avr8/avr8-gnu-toolchain/bin/../lib/gcc/avr/5.4.0/avr51\libgcc.a(_udivmodsi4.o)
 .bss           0x00000000        0x0 e:/atmelstudio7/7.0/toolchain/avr8/avr8-gnu-toolchain/bin/../lib/gcc/avr/5.4.0/avr51\libgcc.a(_udivmodsi4.o)
 .text.libgcc.mul
                0x00000000        0x0 e:/atmelstudio7/7.0/toolchain/avr8/avr8-gnu-toolchain/bin/../lib/gcc/avr/5.4.0/avr51\libgcc.a(_udivmodsi4.o)
 .text.libgcc   0x00000000        0x0 e:/atmelstudio7/7.0/toolchain/avr8/avr8-gnu-toolchain/bin/../lib/gcc/avr/5.4.0/avr51\libgcc.a(_udivmodsi4.o)
 .text.libgcc.prologue
                0x00000000        0x0 e:/atmelstudio7/7.0/toolchain/avr8/avr8-gnu-toolchain/bin/../lib/gcc/avr/5.4.0/avr51\libgcc.a(_udivmodsi4.o)
 .text.libgcc.builtins
                0x00000000        0x0 e:/atmelstudio7/7.0/toolchain/avr8/avr8-gnu-toolchain/bin/../lib/gcc/avr/5.4.0/avr51\libgcc.a(_udivmodsi4.o)
 .text.libgcc.fmul
                0x00000000        0x0 e:/atmelstudio7/7.0/toolchain/avr8/avr8-gnu-toolchain/bin/../lib/gcc/avr/5.4.0/avr51\libgcc.a(_udivmodsi4.o)
 .text.libgcc.fixed
                0x00000000        0x0 e:/atmelstudio7/7.0/toolchain/avr8/avr8-gnu-toolchain/bin/../lib/gcc/avr/5.4.0/avr51\libgcc.a(_udivmodsi4.o)
 .text          0x00000000        0x0 e:/atmelstudio7/7.0/toolchain/avr8/avr8-gnu-toolchain/bin/../lib/gcc/avr/5.4.0/../../../../avr/lib/avr51\libc.a(strcpy_P.o)
 .data          0x00000000        0x0 e:/atmelstudio7/7.0/toolchain/avr8/avr8-gnu-toolchain/bin/../lib/gcc/avr/5.4.0/../../../../avr/lib/avr51\libc.a(strcpy_P.o)
 .bss           0x00000000        0x0 e:/atmelstudio7/7.0/toolchain/avr8/avr8-gnu-toolchain/bin/../lib/gcc/avr/5.4.0/../../../../avr/lib/avr51\libc.a(strcpy_P.o)
 .text          0x00000000        0x0 e:/atmelstudio7/7.0/toolchain/avr8/avr8-gnu-toolchain/bin/../lib/gcc/avr/5.4.0/../../../../avr/lib/avr51\libc.a(strcpy.o)
 .data          0x00000000        0x0 e:/atmelstudio7/7.0/toolchain/avr8/avr8-gnu-toolchain/bin/../lib/gcc/avr/5.4.0/../../../../avr/lib/avr51\libc.a(strcpy.o)
 .bss           0x00000000        0x0 e:/atmelstudio7/7.0/toolchain/avr8/avr8-gnu-toolchain/bin/../lib/gcc/avr/5.4.0/../../../../avr/lib/avr51\libc.a(strcpy.o)
 .text          0x00000000        0x0 e:/atmelstudio7/7.0/toolchain/avr8/avr8-gnu-toolchain/bin/../lib/gcc/avr/5.4.0/../../../../avr/lib/avr51\libc.a(sprintf.o)
 .data          0x00000000        0x0 e:/atmelstudio7/7.0/toolchain/avr8/avr8-gnu-toolchain/bin/../lib/gcc/avr/5.4.0/../../../../avr/lib/avr51\libc.a(sprintf.o)
 .bss           0x00000000        0x0 e:/atmelstudio7/7.0/toolchain/avr8/avr8-gnu-toolchain/bin/../lib/gcc/avr/5.4.0/../../../../avr/lib/avr51\libc.a(sprintf.o)
 .text          0x00000000        0x0 e:/atmelstudio7/7.0/toolchain/avr8/avr8-gnu-toolchain/bin/../lib/gcc/avr/5.4.0/../../../../avr/lib/avr51\libc.a(vfprintf_std.o)
 .data          0x00000000        0x0 e:/atmelstudio7/7.0/toolchain/avr8/avr8-gnu-toolchain/bin/../lib/gcc/avr/5.4.0/../../../../avr/lib/avr51\libc.a(vfprintf_std.o)
 .bss           0x00000000        0x0 e:/atmelstudio7/7.0/toolchain/avr8/avr8-gnu-toolchain/bin/../lib/gcc/avr/5.4.0/../../../../avr/lib/avr51\libc.a(vfprintf_std.o)
 .text          0x00000000        0x0 e:/atmelstudio7/7.0/toolchain/avr8/avr8-gnu-toolchain/bin/../lib/gcc/avr/5.4.0/../../../../avr/lib/avr51\libc.a(strnlen_P.o)
 .data          0x00000000        0x0 e:/atmelstudio7/7.0/toolchain/avr8/avr8-gnu-toolchain/bin/../lib/gcc/avr/5.4.0/../../../../avr/lib/avr51\libc.a(strnlen_P.o)
 .bss           0x00000000        0x0 e:/atmelstudio7/7.0/toolchain/avr8/avr8-gnu-toolchain/bin/../lib/gcc/avr/5.4.0/../../../../avr/lib/avr51\libc.a(strnlen_P.o)
 .text          0x00000000        0x0 e:/atmelstudio7/7.0/toolchain/avr8/avr8-gnu-toolchain/bin/../lib/gcc/avr/5.4.0/../../../../avr/lib/avr51\libc.a(strnlen.o)
 .data          0x00000000        0x0 e:/atmelstudio7/7.0/toolchain/avr8/avr8-gnu-toolchain/bin/../lib/gcc/avr/5.4.0/../../../../avr/lib/avr51\libc.a(strnlen.o)
 .bss           0x00000000        0x0 e:/atmelstudio7/7.0/toolchain/avr8/avr8-gnu-toolchain/bin/../lib/gcc/avr/5.4.0/../../../../avr/lib/avr51\libc.a(strnlen.o)
 .text          0x00000000        0x0 e:/atmelstudio7/7.0/toolchain/avr8/avr8-gnu-toolchain/bin/../lib/gcc/avr/5.4.0/../../../../avr/lib/avr51\libc.a(fputc.o)
 .data          0x00000000        0x0 e:/atmelstudio7/7.0/toolchain/avr8/avr8-gnu-toolchain/bin/../lib/gcc/avr/5.4.0/../../../../avr/lib/avr51\libc.a(fputc.o)
 .bss           0x00000000        0x0 e:/atmelstudio7/7.0/toolchain/avr8/avr8-gnu-toolchain/bin/../lib/gcc/avr/5.4.0/../../../../avr/lib/avr51\libc.a(fputc.o)
 .text          0x00000000        0x0 e:/atmelstudio7/7.0/toolchain/avr8/avr8-gnu-toolchain/bin/../lib/gcc/avr/5.4.0/../../../../avr/lib/avr51\libc.a(ultoa_invert.o)
 .data          0x00000000        0x0 e:/atmelstudio7/7.0/toolchain/avr8/avr8-gnu-toolchain/bin/../lib/gcc/avr/5.4.0/../../../../avr/lib/avr51\libc.a(ultoa_invert.o)
 .bss           0x00000000        0x0 e:/atmelstudio7/7.0/toolchain/avr8/avr8-gnu-toolchain/bin/../lib/gcc/avr/5.4.0/../../../../avr/lib/avr51\libc.a(ultoa_invert.o)

Memory Configuration

Name             Origin             Length             Attributes
text             0x00000000         0x00020000         xr
data             0x00800100         0x0000ff00         rw !x
eeprom           0x00810000         0x00010000         rw !x
fuse             0x00820000         0x00000003         rw !x
lock             0x00830000         0x00000400         rw !x
signature        0x00840000         0x00000400         rw !x
user_signatures  0x00850000         0x00000400         rw !x
*default*        0x00000000         0xffffffff

Linker script and memory map

Address of section .data set to 0x800100
LOAD E:/AtmelStudio7/7.0/Packs/atmel/ATmega_DFP/1.2.209/gcc/dev/atmega1284p/avr51/crtatmega1284p.o
LOAD Breath.o
LOAD Button.o
LOAD Finger.o
LOAD LCD.o
LOAD main.o
LOAD Menu.o
LOAD Midi.o
LOAD SPI.o
LOAD Touch.o
LOAD YMF825.o
START GROUP
LOAD e:/atmelstudio7/7.0/toolchain/avr8/avr8-gnu-toolchain/bin/../lib/gcc/avr/5.4.0/../../../../avr/lib/avr51\libm.a
END GROUP
LOAD e:/atmelstudio7/7.0/toolchain/avr8/avr8-gnu-toolchain/bin/../lib/gcc/avr/5.4.0/avr51\libgcc.a
LOAD e:/atmelstudio7/7.0/toolchain/avr8/avr8-gnu-toolchain/bin/../lib/gcc/avr/5.4.0/../../../../avr/lib/avr51\libm.a
START GROUP
LOAD e:/atmelstudio7/7.0/toolchain/avr8/avr8-gnu-toolchain/bin/../lib/gcc/avr/5.4.0/avr51\libgcc.a
LOAD e:/atmelstudio7/7.0/toolchain/avr8/avr8-gnu-toolchain/bin/../lib/gcc/avr/5.4.0/../../../../avr/lib/avr51\libm.a
LOAD e:/atmelstudio7/7.0/toolchain/avr8/avr8-gnu-toolchain/bin/../lib/gcc/avr/5.4.0/../../../../avr/lib/avr51\libc.a
LOAD E:/AtmelStudio7/7.0/Packs/atmel/ATmega_DFP/1.2.209/gcc/dev/atmega1284p/avr51\libatmega1284p.a
END GROUP
                0x00020000                __TEXT_REGION_LENGTH__ = DEFINED (__TEXT_REGION_LENGTH__)?__TEXT_REGION_LENGTH__:0x20000
                0x0000ff00                __DATA_REGION_LENGTH__ = DEFINED (__DATA_REGION_LENGTH__)?__DATA_REGION_LENGTH__:0xff00
                0x00010000                __EEPROM_REGION_LENGTH__ = DEFINED (__EEPROM_REGION_LENGTH__)?__EEPROM_REGION_LENGTH__:0x10000
                [0x00000003]                __FUSE_REGION_LENGTH__ = DEFINED (__FUSE_REGION_LENGTH__)?__FUSE_REGION_LENGTH__:0x400
                0x00000400                __LOCK_REGION_LENGTH__ = DEFINED (__LOCK_REGION_LENGTH__)?__LOCK_REGION_LENGTH__:0x400
                0x00000400                __SIGNATURE_REGION_LENGTH__ = DEFINED (__SIGNATURE_REGION_LENGTH__)?__SIGNATURE_REGION_LENGTH__:0x400
                0x00000400                __USER_SIGNATURE_REGION_LENGTH__ = DEFINED (__USER_SIGNATURE_REGION_LENGTH__)?__USER_SIGNATURE_REGION_LENGTH__:0x400

.hash
 *(.hash)

.dynsym
 *(.dynsym)

.dynstr
 *(.dynstr)

.gnu.version
 *(.gnu.version)

.gnu.version_d
 *(.gnu.version_d)

.gnu.version_r
 *(.gnu.version_r)

.rel.init
 *(.rel.init)

.rela.init
 *(.rela.init)

.rel.text
 *(.rel.text)
 *(.rel.text.*)
 *(.rel.gnu.linkonce.t*)

.rela.text
 *(.rela.text)
 *(.rela.text.*)
 *(.rela.gnu.linkonce.t*)

.rel.fini
 *(.rel.fini)

.rela.fini
 *(.rela.fini)

.rel.rodata
 *(.rel.rodata)
 *(.rel.rodata.*)
 *(.rel.gnu.linkonce.r*)

.rela.rodata
 *(.rela.rodata)
 *(.rela.rodata.*)
 *(.rela.gnu.linkonce.r*)

.rel.data
 *(.rel.data)
 *(.rel.data.*)
 *(.rel.gnu.linkonce.d*)

.rela.data
 *(.rela.data)
 *(.rela.data.*)
 *(.rela.gnu.linkonce.d*)

.rel.ctors
 *(.rel.ctors)

.rela.ctors
 *(.rela.ctors)

.rel.dtors
 *(.rel.dtors)

.rela.dtors
 *(.rela.dtors)

.rel.got
 *(.rel.got)

.rela.got
 *(.rela.got)

.rel.bss
 *(.rel.bss)

.rela.bss
 *(.rela.bss)

.rel.plt
 *(.rel.plt)

.rela.plt
 *(.rela.plt)

.text           0x00000000     0x15e2
 *(.vectors)
 .vectors       0x00000000       0x8c E:/AtmelStudio7/7.0/Packs/atmel/ATmega_DFP/1.2.209/gcc/dev/atmega1284p/avr51/crtatmega1284p.o
                0x00000000                __vector_default
                0x00000000                __vectors
 *(.vectors)
 *(.progmem.gcc*)
                0x0000008c                . = ALIGN (0x2)
                0x0000008c                __trampolines_start = .
 *(.trampolines)
 .trampolines   0x0000008c        0x0 linker stubs
 *(.trampolines*)
                0x0000008c                __trampolines_end = .
 *libprintf_flt.a:*(.progmem.data)
 *libc.a:*(.progmem.data)
 *(.progmem*)
 .progmem.data._ZL10FINGER_TBL
                0x0000008c      0x200 Finger.o
 .progmem.data._ZL22MENUITEM_HAS_VALUENAME
                0x0000028c        0x6 Menu.o
 .progmem.data._ZL16MENUITEM_MAX_TBL
                0x00000292        0x6 Menu.o
 .progmem.data._ZL16MENUITEM_MIN_TBL
                0x00000298        0x6 Menu.o
 .progmem.data._ZL27MENUITEM_VALUENAME_ADDR_TBL
                0x0000029e        0x6 Menu.o
 .progmem.data._ZL22MENUITEM_VALUENAME_TBL
                0x000002a4       0x28 Menu.o
 .progmem.data._ZL17FINGERPTN_STR_TBL
                0x000002cc       0x20 Menu.o
 .progmem.data._ZL17TRANSPOSE_STR_TBL
                0x000002ec       0x60 Menu.o
 .progmem.data._ZL16TONENAME_STR_TBL
                0x0000034c       0x20 Menu.o
 .progmem.data._ZL13MENUITEMS_TBL
                0x0000036c        0xc Menu.o
 .progmem.data._ZL16MENUITEM_STR_TBL
                0x00000378       0x78 Menu.o
                0x000003f0                . = ALIGN (0x2)
 *(.jumptables)
 *(.jumptables*)
 *(.lowtext)
 *(.lowtext*)
                0x000003f0                __ctors_start = .
 *(.ctors)
                0x000003f0                __ctors_end = .
                0x000003f0                __dtors_start = .
 *(.dtors)
                0x000003f0                __dtors_end = .
 SORT(*)(.ctors)
 SORT(*)(.dtors)
 *(.init0)
 .init0         0x000003f0        0x0 E:/AtmelStudio7/7.0/Packs/atmel/ATmega_DFP/1.2.209/gcc/dev/atmega1284p/avr51/crtatmega1284p.o
                0x000003f0                __init
 *(.init0)
 *(.init1)
 *(.init1)
 *(.init2)
 .init2         0x000003f0        0xc E:/AtmelStudio7/7.0/Packs/atmel/ATmega_DFP/1.2.209/gcc/dev/atmega1284p/avr51/crtatmega1284p.o
 *(.init2)
 *(.init3)
 *(.init3)
 *(.init4)
 .init4         0x000003fc       0x1a e:/atmelstudio7/7.0/toolchain/avr8/avr8-gnu-toolchain/bin/../lib/gcc/avr/5.4.0/avr51\libgcc.a(_copy_data.o)
                0x000003fc                __do_copy_data
 .init4         0x00000416       0x10 e:/atmelstudio7/7.0/toolchain/avr8/avr8-gnu-toolchain/bin/../lib/gcc/avr/5.4.0/avr51\libgcc.a(_clear_bss.o)
                0x00000416                __do_clear_bss
 *(.init4)
 *(.init5)
 *(.init5)
 *(.init6)
 *(.init6)
 *(.init7)
 *(.init7)
 *(.init8)
 *(.init8)
 *(.init9)
 .init9         0x00000426        0x6 E:/AtmelStudio7/7.0/Packs/atmel/ATmega_DFP/1.2.209/gcc/dev/atmega1284p/avr51/crtatmega1284p.o
 *(.init9)
 *(.text)
 .text          0x0000042c        0x2 E:/AtmelStudio7/7.0/Packs/atmel/ATmega_DFP/1.2.209/gcc/dev/atmega1284p/avr51/crtatmega1284p.o
                0x0000042c                __vector_22
                0x0000042c                __vector_28
                0x0000042c                __vector_1
                0x0000042c                __vector_32
                0x0000042c                __vector_34
                0x0000042c                __vector_24
                0x0000042c                __vector_12
                0x0000042c                __bad_interrupt
                0x0000042c                __vector_6
                0x0000042c                __vector_31
                0x0000042c                __vector_3
                0x0000042c                __vector_23
                0x0000042c                __vector_30
                0x0000042c                __vector_25
                0x0000042c                __vector_11
                0x0000042c                __vector_13
                0x0000042c                __vector_17
                0x0000042c                __vector_19
                0x0000042c                __vector_7
                0x0000042c                __vector_27
                0x0000042c                __vector_5
                0x0000042c                __vector_33
                0x0000042c                __vector_4
                0x0000042c                __vector_9
                0x0000042c                __vector_2
                0x0000042c                __vector_21
                0x0000042c                __vector_15
                0x0000042c                __vector_29
                0x0000042c                __vector_8
                0x0000042c                __vector_26
                0x0000042c                __vector_14
                0x0000042c                __vector_10
                0x0000042c                __vector_18
                0x0000042c                __vector_20
                0x0000042e                . = ALIGN (0x2)
 *(.text.*)
 .text._Z7i2cInitv
                0x0000042e       0x12 Breath.o
                0x0000042e                _Z7i2cInitv
 .text._Z8i2cStartv
                0x00000440       0x12 Breath.o
                0x00000440                _Z8i2cStartv
 .text._Z8i2cWritei
                0x00000452       0x16 Breath.o
                0x00000452                _Z8i2cWritei
 .text._Z7i2cReadi
                0x00000468       0x26 Breath.o
                0x00000468                _Z7i2cReadi
 .text._Z10i2cRegReadhh
                0x0000048e       0x3c Breath.o
                0x0000048e                _Z10i2cRegReadhh
 .text._Z11i2cRegWritehhh
                0x000004ca       0x34 Breath.o
                0x000004ca                _Z11i2cRegWritehhh
 .text._Z10breathReadv
                0x000004fe       0x4a Breath.o
                0x000004fe                _Z10breathReadv
 .text._Z10breathInitv
                0x00000548        0xa Breath.o
                0x00000548                _Z10breathInitv
 .text._Z15setBreathOffsetv
                0x00000552       0x14 Breath.o
                0x00000552                _Z15setBreathOffsetv
 .text._Z20getBreathOffsetValuev
                0x00000566       0x24 Breath.o
                0x00000566                _Z20getBreathOffsetValuev
 .text._Z16breathToVelocityl
                0x0000058a       0x26 Breath.o
                0x0000058a                _Z16breathToVelocityl
 .text._Z13breathToVovoll
                0x000005b0        0x8 Breath.o
                0x000005b0                _Z13breathToVovoll
 .text._Z10buttonInitv
                0x000005b8       0x1a Button.o
                0x000005b8                _Z10buttonInitv
 .text._Z9buttonGetv
                0x000005d2       0x10 Button.o
                0x000005d2                _Z9buttonGetv
 .text._Z14buttonSamplingv
                0x000005e2       0x34 Button.o
                0x000005e2                _Z14buttonSamplingv
 .text._Z15buttonAveragingv
                0x00000616       0x56 Button.o
                0x00000616                _Z15buttonAveragingv
 .text._Z17buttonPressDetectv
                0x0000066c       0x18 Button.o
                0x0000066c                _Z17buttonPressDetectv
 .text._Z16buttonGetCommandv
                0x00000684       0x58 Button.o
                0x00000684                _Z16buttonGetCommandv
 .text._Z15fingerToNoteNumh
                0x000006dc       0x3e Finger.o
                0x000006dc                _Z15fingerToNoteNumh
 .text._Z10setBOctavea
                0x0000071a        0x6 Finger.o
                0x0000071a                _Z10setBOctavea
 .text._Z10lcdSendCmdh
                0x00000720       0x16 LCD.o
                0x00000720                _Z10lcdSendCmdh
 .text._Z11lcdSendDatah
                0x00000736       0x10 LCD.o
                0x00000736                _Z11lcdSendDatah
 .text._Z12lcdSetCursorii
                0x00000746       0x1c LCD.o
                0x00000746                _Z12lcdSetCursorii
 .text._Z7lcdInitv
                0x00000762       0x9e LCD.o
                0x00000762                _Z7lcdInitv
 .text._Z8lcdPrintPc
                0x00000800       0x1c LCD.o
                0x00000800                _Z8lcdPrintPc
 .text.__vector_16
                0x0000081c       0x70 main.o
                0x0000081c                __vector_16
 .text._Z9setIOModev
                0x0000088c        0x4 main.o
                0x0000088c                _Z9setIOModev
 .text._Z8uartInitv
                0x00000890       0x12 main.o
                0x00000890                _Z8uartInitv
 .text._Z8uartPutcc
                0x000008a2       0x10 main.o
                0x000008a2                _Z8uartPutcc
 .text._Z8uartPutsPc
                0x000008b2       0x1c main.o
                0x000008b2                _Z8uartPutsPc
 .text._Z9initTimerv
                0x000008ce       0x12 main.o
                0x000008ce                _Z9initTimerv
 .text.main     0x000008e0      0x130 main.o
                0x000008e0                main
 .text._Z12ev_setOctavev
                0x00000a10        0xe Menu.o
                0x00000a10                _Z12ev_setOctavev
 .text._Z18menuRefreshDisplayv
                0x00000a1e      0x12e Menu.o
                0x00000a1e                _Z18menuRefreshDisplayv
 .text._Z8menuInitv
                0x00000b4c       0x24 Menu.o
                0x00000b4c                _Z8menuInitv
 .text._Z12menuMoveItema
                0x00000b70       0x52 Menu.o
                0x00000b70                _Z12menuMoveItema
 .text._Z12menuAdjValuea
                0x00000bc2       0x7c Menu.o
                0x00000bc2                _Z12menuAdjValuea
 .text._Z12menuActivityv
                0x00000c3e       0x6c Menu.o
                0x00000c3e                _Z12menuActivityv
 .text._Z7spiInitv
                0x00000caa        0xe SPI.o
                0x00000caa                _Z7spiInitv
 .text._Z7spiSendh
                0x00000cb8        0xa SPI.o
                0x00000cb8                _Z7spiSendh
 .text._Z9spiCtrlCsh
                0x00000cc2        0xc SPI.o
                0x00000cc2                _Z9spiCtrlCsh
 .text._Z11spiRegWritehh
                0x00000cce       0x1e SPI.o
                0x00000cce                _Z11spiRegWritehh
 .text._Z16spiRegBarstWritehPhh
                0x00000cec       0x3c SPI.o
                0x00000cec                _Z16spiRegBarstWritehPhh
 .text._Z8touchGetv
                0x00000d28       0x1e Touch.o
                0x00000d28                _Z8touchGetv
 .text._Z9soundInitv
                0x00000d46       0xb6 YMF825.o
                0x00000d46                _Z9soundInitv
 .text._Z7setTonev
                0x00000dfc       0x5c YMF825.o
                0x00000dfc                _Z7setTonev
 .text._Z5keyOnhhh
                0x00000e58       0x36 YMF825.o
                0x00000e58                _Z5keyOnhhh
 .text._Z5setChv
                0x00000e8e       0x20 YMF825.o
                0x00000e8e                _Z5setChv
 .text._Z12noteNoToFnumj
                0x00000eae       0x7c YMF825.o
                0x00000eae                _Z12noteNoToFnumj
 .text._Z20keyOnNoteNoWithVovoljh
                0x00000f2a       0x48 YMF825.o
                0x00000f2a                _Z20keyOnNoteNoWithVovoljh
 .text.libgcc.div
                0x00000f72       0x28 e:/atmelstudio7/7.0/toolchain/avr8/avr8-gnu-toolchain/bin/../lib/gcc/avr/5.4.0/avr51\libgcc.a(_divmodsi4.o)
                0x00000f72                __divmodsi4
 .text.libgcc.div
                0x00000f9a       0x10 e:/atmelstudio7/7.0/toolchain/avr8/avr8-gnu-toolchain/bin/../lib/gcc/avr/5.4.0/avr51\libgcc.a(_negsi2.o)
                0x00000f9a                __negsi2
 .text.libgcc.mul
                0x00000faa       0x1e e:/atmelstudio7/7.0/toolchain/avr8/avr8-gnu-toolchain/bin/../lib/gcc/avr/5.4.0/avr51\libgcc.a(_umulhisi3.o)
                0x00000faa                __umulhisi3
 .text.libgcc.div
                0x00000fc8       0x44 e:/atmelstudio7/7.0/toolchain/avr8/avr8-gnu-toolchain/bin/../lib/gcc/avr/5.4.0/avr51\libgcc.a(_udivmodsi4.o)
                0x00000fc8                __udivmodsi4
 .text.avr-libc
                0x0000100c        0xe e:/atmelstudio7/7.0/toolchain/avr8/avr8-gnu-toolchain/bin/../lib/gcc/avr/5.4.0/../../../../avr/lib/avr51\libc.a(strcpy_P.o)
                0x0000100c                strcpy_P
 .text.avr-libc
                0x0000101a        0xe e:/atmelstudio7/7.0/toolchain/avr8/avr8-gnu-toolchain/bin/../lib/gcc/avr/5.4.0/../../../../avr/lib/avr51\libc.a(strcpy.o)
                0x0000101a                strcpy
 .text.avr-libc
                0x00001028       0x5c e:/atmelstudio7/7.0/toolchain/avr8/avr8-gnu-toolchain/bin/../lib/gcc/avr/5.4.0/../../../../avr/lib/avr51\libc.a(sprintf.o)
                0x00001028                sprintf
 .text.avr-libc
                0x00001084      0x3fa e:/atmelstudio7/7.0/toolchain/avr8/avr8-gnu-toolchain/bin/../lib/gcc/avr/5.4.0/../../../../avr/lib/avr51\libc.a(vfprintf_std.o)
                0x00001084                vfprintf
 .text.avr-libc
                0x0000147e       0x16 e:/atmelstudio7/7.0/toolchain/avr8/avr8-gnu-toolchain/bin/../lib/gcc/avr/5.4.0/../../../../avr/lib/avr51\libc.a(strnlen_P.o)
                0x0000147e                strnlen_P
 .text.avr-libc
                0x00001494       0x16 e:/atmelstudio7/7.0/toolchain/avr8/avr8-gnu-toolchain/bin/../lib/gcc/avr/5.4.0/../../../../avr/lib/avr51\libc.a(strnlen.o)
                0x00001494                strnlen
 .text.avr-libc
                0x000014aa       0x78 e:/atmelstudio7/7.0/toolchain/avr8/avr8-gnu-toolchain/bin/../lib/gcc/avr/5.4.0/../../../../avr/lib/avr51\libc.a(fputc.o)
                0x000014aa                fputc
 .text.avr-libc
                0x00001522       0xbc e:/atmelstudio7/7.0/toolchain/avr8/avr8-gnu-toolchain/bin/../lib/gcc/avr/5.4.0/../../../../avr/lib/avr51\libc.a(ultoa_invert.o)
                0x00001522                __ultoa_invert
                0x000015de                . = ALIGN (0x2)
 *(.fini9)
 .fini9         0x000015de        0x0 e:/atmelstudio7/7.0/toolchain/avr8/avr8-gnu-toolchain/bin/../lib/gcc/avr/5.4.0/avr51\libgcc.a(_exit.o)
                0x000015de                _exit
                0x000015de                exit
 *(.fini9)
 *(.fini8)
 *(.fini8)
 *(.fini7)
 *(.fini7)
 *(.fini6)
 *(.fini6)
 *(.fini5)
 *(.fini5)
 *(.fini4)
 *(.fini4)
 *(.fini3)
 *(.fini3)
 *(.fini2)
 *(.fini2)
 *(.fini1)
 *(.fini1)
 *(.fini0)
 .fini0         0x000015de        0x4 e:/atmelstudio7/7.0/toolchain/avr8/avr8-gnu-toolchain/bin/../lib/gcc/avr/5.4.0/avr51\libgcc.a(_exit.o)
 *(.fini0)
                0x000015e2                _etext = .

.data           0x00800100      0x132 load address 0x000015e2
                0x00800100                PROVIDE (__data_start, .)
 *(.data)
 *(.data*)
 .data.buttonDefPrevValue
                0x00800100        0x1 Button.o
                0x00800100                buttonDefPrevValue
 .data.buttonDefValue
                0x00800101        0x1 Button.o
                0x00800101                buttonDefValue
 .data.executePermission
                0x00800102        0x1 main.o
                0x00800102                executePermission
 *(.gnu.linkonce.d*)
 *(.rodata)
 .rodata        0x00800103       0x3b YMF825.o
 *(.rodata*)
 .rodata.str1.1
                0x0080013e       0xca main.o
 .rodata.str1.1
                0x00800208       0x1d Menu.o
 .rodata._ZL18MENUITEM_EVENT_TBL
                0x00800225        0xc Menu.o
 *(.gnu.linkonce.r*)
                0x00800232                . = ALIGN (0x2)
 *fill*         0x00800231        0x1 
                0x00800232                _edata = .
                0x00800232                PROVIDE (__data_end, .)

.bss            0x00800232       0x16
                0x00800232                PROVIDE (__bss_start, .)
 *(.bss)
 *(.bss*)
 .bss.offset    0x00800232        0x4 Breath.o
                0x00800232                offset
 .bss.buttonPressed
                0x00800236        0x1 Button.o
                0x00800236                buttonPressed
 .bss.buttonSampleValue
                0x00800237        0x6 Button.o
                0x00800237                buttonSampleValue
 .bss.BOctave   0x0080023d        0x1 Finger.o
                0x0080023d                BOctave
 .bss.cnt       0x0080023e        0x1 main.o
                0x0080023e                cnt
 .bss.menuItemValue
                0x0080023f        0x2 Menu.o
                0x0080023f                menuItemValue
 .bss.menuItemSetValues
                0x00800241        0x6 Menu.o
                0x00800241                menuItemSetValues
 .bss.menuSelectingItem
                0x00800247        0x1 Menu.o
                0x00800247                menuSelectingItem
 *(COMMON)
                0x00800248                PROVIDE (__bss_end, .)
                0x000015e2                __data_load_start = LOADADDR (.data)
                0x00001714                __data_load_end = (__data_load_start + SIZEOF (.data))

.noinit         0x00800248        0x0
                [!provide]                PROVIDE (__noinit_start, .)
 *(.noinit*)
                [!provide]                PROVIDE (__noinit_end, .)
                0x00800248                _end = .
                [!provide]                PROVIDE (__heap_start, .)

.eeprom         0x00810000        0x0
 *(.eeprom*)
                0x00810000                __eeprom_end = .

.fuse
 *(.fuse)
 *(.lfuse)
 *(.hfuse)
 *(.efuse)

.lock
 *(.lock*)

.signature
 *(.signature*)

.user_signatures
 *(.user_signatures*)

.stab
 *(.stab)

.stabstr
 *(.stabstr)

.stab.excl
 *(.stab.excl)

.stab.exclstr
 *(.stab.exclstr)

.stab.index
 *(.stab.index)

.stab.indexstr
 *(.stab.indexstr)

.comment        0x00000000       0x5c
 *(.comment)
 .comment       0x00000000       0x30 Breath.o
                                 0x31 (size before relaxing)
 .comment       0x00000030       0x31 Button.o
 .comment       0x00000030       0x31 Finger.o
 .comment       0x00000030       0x31 LCD.o
 .comment       0x00000030       0x31 main.o
 .comment       0x00000030       0x31 Menu.o
 .comment       0x00000030       0x31 SPI.o
 .comment       0x00000030       0x31 Touch.o
 .comment       0x00000030       0x31 YMF825.o
 .comment       0x00000030       0x31 e:/atmelstudio7/7.0/toolchain/avr8/avr8-gnu-toolchain/bin/../lib/gcc/avr/5.4.0/../../../../avr/lib/avr51\libc.a(sprintf.o)
 .comment       0x00000030       0x2c e:/atmelstudio7/7.0/toolchain/avr8/avr8-gnu-toolchain/bin/../lib/gcc/avr/5.4.0/../../../../avr/lib/avr51\libc.a(vfprintf_std.o)
                                 0x2d (size before relaxing)
 .comment       0x0000005c       0x31 e:/atmelstudio7/7.0/toolchain/avr8/avr8-gnu-toolchain/bin/../lib/gcc/avr/5.4.0/../../../../avr/lib/avr51\libc.a(fputc.o)

.note.gnu.avr.deviceinfo
                0x00000000       0x40
 .note.gnu.avr.deviceinfo
                0x00000000       0x40 E:/AtmelStudio7/7.0/Packs/atmel/ATmega_DFP/1.2.209/gcc/dev/atmega1284p/avr51/crtatmega1284p.o

.note.gnu.build-id
 *(.note.gnu.build-id)

.debug
 *(.debug)

.line
 *(.line)

.debug_srcinfo
 *(.debug_srcinfo)

.debug_sfnames
 *(.debug_sfnames)

.debug_aranges  0x00000000      0x2b8
 *(.debug_aranges)
 .debug_aranges
                0x00000000       0x80 Breath.o
 .debug_aranges
                0x00000080       0x48 Button.o
 .debug_aranges
                0x000000c8       0x28 Finger.o
 .debug_aranges
                0x000000f0       0x48 LCD.o
 .debug_aranges
                0x00000138       0x58 main.o
 .debug_aranges
                0x00000190       0x48 Menu.o
 .debug_aranges
                0x000001d8       0x50 SPI.o
 .debug_aranges
                0x00000228       0x28 Touch.o
 .debug_aranges
                0x00000250       0x68 YMF825.o

.debug_pubnames
 *(.debug_pubnames)

.debug_info     0x00000000     0x5a21
 *(.debug_info .gnu.linkonce.wi.*)
 .debug_info    0x00000000      0x792 E:/AtmelStudio7/7.0/Packs/atmel/ATmega_DFP/1.2.209/gcc/dev/atmega1284p/avr51/crtatmega1284p.o
 .debug_info    0x00000792      0x97c Breath.o
 .debug_info    0x0000110e      0x6fc Button.o
 .debug_info    0x0000180a      0x45f Finger.o
 .debug_info    0x00001c69      0xaf1 LCD.o
 .debug_info    0x0000275a      0xc6e main.o
 .debug_info    0x000033c8      0x950 Menu.o
 .debug_info    0x00003d18      0x7b7 SPI.o
 .debug_info    0x000044cf      0x7ec Touch.o
 .debug_info    0x00004cbb      0xd66 YMF825.o

.debug_abbrev   0x00000000     0x16d8
 *(.debug_abbrev)
 .debug_abbrev  0x00000000      0x729 E:/AtmelStudio7/7.0/Packs/atmel/ATmega_DFP/1.2.209/gcc/dev/atmega1284p/avr51/crtatmega1284p.o
 .debug_abbrev  0x00000729      0x1da Breath.o
 .debug_abbrev  0x00000903      0x13b Button.o
 .debug_abbrev  0x00000a3e      0x12b Finger.o
 .debug_abbrev  0x00000b69      0x1eb LCD.o
 .debug_abbrev  0x00000d54      0x280 main.o
 .debug_abbrev  0x00000fd4      0x1e5 Menu.o
 .debug_abbrev  0x000011b9      0x166 SPI.o
 .debug_abbrev  0x0000131f      0x1cb Touch.o
 .debug_abbrev  0x000014ea      0x1ee YMF825.o

.debug_line     0x00000000     0x17aa
 *(.debug_line .debug_line.* .debug_line_end)
 .debug_line    0x00000000      0x169 E:/AtmelStudio7/7.0/Packs/atmel/ATmega_DFP/1.2.209/gcc/dev/atmega1284p/avr51/crtatmega1284p.o
 .debug_line    0x00000169      0x2f8 Breath.o
 .debug_line    0x00000461      0x1ed Button.o
 .debug_line    0x0000064e      0x115 Finger.o
 .debug_line    0x00000763      0x283 LCD.o
 .debug_line    0x000009e6      0x37d main.o
 .debug_line    0x00000d63      0x331 Menu.o
 .debug_line    0x00001094      0x1d8 SPI.o
 .debug_line    0x0000126c      0x200 Touch.o
 .debug_line    0x0000146c      0x33e YMF825.o

.debug_frame    0x00000000      0x5e0
 *(.debug_frame)
 .debug_frame   0x00000000      0x11c Breath.o
 .debug_frame   0x0000011c       0x74 Button.o
 .debug_frame   0x00000190       0x34 Finger.o
 .debug_frame   0x000001c4       0x80 LCD.o
 .debug_frame   0x00000244       0xf8 main.o
 .debug_frame   0x0000033c       0xa0 Menu.o
 .debug_frame   0x000003dc       0xb4 SPI.o
 .debug_frame   0x00000490       0x50 Touch.o
 .debug_frame   0x000004e0      0x100 YMF825.o

.debug_str      0x00000000      0xe0a
 *(.debug_str)
 .debug_str     0x00000000      0x296 E:/AtmelStudio7/7.0/Packs/atmel/ATmega_DFP/1.2.209/gcc/dev/atmega1284p/avr51/crtatmega1284p.o
 .debug_str     0x00000296      0x42a Breath.o
                                0x46d (size before relaxing)
 .debug_str     0x000006c0      0x122 Button.o
                                0x3c9 (size before relaxing)
 .debug_str     0x000007e2       0x71 Finger.o
                                0x319 (size before relaxing)
 .debug_str     0x00000853      0x101 LCD.o
                                0x3ce (size before relaxing)
 .debug_str     0x00000954      0x1c8 main.o
                                0x66e (size before relaxing)
 .debug_str     0x00000b1c      0x128 Menu.o
                                0x4a1 (size before relaxing)
 .debug_str     0x00000c44       0x9e SPI.o
                                0x374 (size before relaxing)
 .debug_str     0x00000ce2       0x66 Touch.o
                                0x36e (size before relaxing)
 .debug_str     0x00000d48       0xc2 YMF825.o
                                0x490 (size before relaxing)

.debug_loc      0x00000000     0x1880
 *(.debug_loc)
 .debug_loc     0x00000000      0x378 Breath.o
 .debug_loc     0x00000378      0x139 Button.o
 .debug_loc     0x000004b1       0x84 Finger.o
 .debug_loc     0x00000535      0x45a LCD.o
 .debug_loc     0x0000098f      0x3d3 main.o
 .debug_loc     0x00000d62      0x268 Menu.o
 .debug_loc     0x00000fca      0x201 SPI.o
 .debug_loc     0x000011cb      0x173 Touch.o
 .debug_loc     0x0000133e      0x542 YMF825.o

.debug_macinfo
 *(.debug_macinfo)

.debug_weaknames
 *(.debug_weaknames)

.debug_funcnames
 *(.debug_funcnames)

.debug_typenames
 *(.debug_typenames)

.debug_varnames
 *(.debug_varnames)

.debug_pubtypes
 *(.debug_pubtypes)

.debug_ranges   0x00000000      0x228
 *(.debug_ranges)
 .debug_ranges  0x00000000       0x70 Breath.o
 .debug_ranges  0x00000070       0x38 Button.o
 .debug_ranges  0x000000a8       0x18 Finger.o
 .debug_ranges  0x000000c0       0x38 LCD.o
 .debug_ranges  0x000000f8       0x48 main.o
 .debug_ranges  0x00000140       0x38 Menu.o
 .debug_ranges  0x00000178       0x40 SPI.o
 .debug_ranges  0x000001b8       0x18 Touch.o
 .debug_ranges  0x000001d0       0x58 YMF825.o

.debug_macro
 *(.debug_macro)
OUTPUT(YWinth_MainMPU.elf elf32-avr)
LOAD linker stubs
